// Vitest Snapshot v1, https://vitest.dev/guide/snapshot.html

exports[`Render Tests > BoxDiagram: Render[horizontal] > direct > Letter Pairs > endsStyle: bidirectional 1`] = `
"┌─┐   ┌─┐
│A│<─>│B│
└─┘   └─┘"
`;

exports[`Render Tests > BoxDiagram: Render[horizontal] > direct > Letter Pairs > endsStyle: directed 1`] = `
"┌─┐   ┌─┐
│A├──>│B│
└─┘   └─┘"
`;

exports[`Render Tests > BoxDiagram: Render[horizontal] > direct > Letter Pairs > endsStyle: none 1`] = `
"┌─┐   ┌─┐
│A├───┤B│
└─┘   └─┘"
`;

exports[`Render Tests > BoxDiagram: Render[horizontal] > direct > Letter Pairs > spacing 1 1`] = `
"┌─┐ ┌─┐
│A├─┤B│
└─┘ └─┘"
`;

exports[`Render Tests > BoxDiagram: Render[horizontal] > direct > Letter Pairs > spacing 2 1`] = `
"┌─┐  ┌─┐
│A├──┤B│
└─┘  └─┘"
`;

exports[`Render Tests > BoxDiagram: Render[horizontal] > direct > Letter Pairs > spacing 3 1`] = `
"┌─┐   ┌─┐
│A├───┤B│
└─┘   └─┘"
`;

exports[`Render Tests > BoxDiagram: Render[horizontal] > direct > Letter Pairs > spacing 5 1`] = `
"┌─┐     ┌─┐
│A├─────┤B│
└─┘     └─┘"
`;

exports[`Render Tests > BoxDiagram: Render[horizontal] > multiple 1`] = `
"┌──────────────────┐   ┌────────────────────────┐   ┌───────────────────────────┐   ┌──────────────────────────────────────────┐   ┌───────────┐
│longer than medium├───┤still longer than medium├───┤now much longer than medium├───┤now much longer than medium plus some more├───┤short again│
└──────────────────┘   └────────────────────────┘   └───────────────────────────┘   └──────────────────────────────────────────┘   └───────────┘"
`;

exports[`Render Tests > BoxDiagram: Render[horizontal] > single 1`] = `
"┌──────┐
│single│
└──────┘"
`;

exports[`Render Tests > BoxDiagram: Render[vertical] > direct > Letter Pairs > endsStyle: bidirectional 1`] = `
"┌─┐
│A│
└─┘
 ^ 
 │ 
 v 
┌─┐
│B│
└─┘"
`;

exports[`Render Tests > BoxDiagram: Render[vertical] > direct > Letter Pairs > endsStyle: directed 1`] = `
"┌─┐
│A│
└┬┘
 │ 
 │ 
 v 
┌─┐
│B│
└─┘"
`;

exports[`Render Tests > BoxDiagram: Render[vertical] > direct > Letter Pairs > endsStyle: none 1`] = `
"┌─┐
│A│
└┬┘
 │ 
 │ 
 │ 
┌┴┐
│B│
└─┘"
`;

exports[`Render Tests > BoxDiagram: Render[vertical] > direct > Letter Pairs > spacing 1 1`] = `
"┌─┐
│A│
└┬┘
 │ 
┌┴┐
│B│
└─┘"
`;

exports[`Render Tests > BoxDiagram: Render[vertical] > direct > Letter Pairs > spacing 2 1`] = `
"┌─┐
│A│
└┬┘
 │ 
 │ 
┌┴┐
│B│
└─┘"
`;

exports[`Render Tests > BoxDiagram: Render[vertical] > direct > Letter Pairs > spacing 3 1`] = `
"┌─┐
│A│
└┬┘
 │ 
 │ 
 │ 
┌┴┐
│B│
└─┘"
`;

exports[`Render Tests > BoxDiagram: Render[vertical] > direct > Letter Pairs > spacing 5 1`] = `
"┌─┐
│A│
└┬┘
 │ 
 │ 
 │ 
 │ 
 │ 
┌┴┐
│B│
└─┘"
`;

exports[`Render Tests > BoxDiagram: Render[vertical] > multiple 1`] = `
"┌──────────────────┐                        
│longer than medium│                        
└─────────┬────────┘                        
          │                                 
          └──┐                              
             │                              
┌────────────┴───────────┐                  
│still longer than medium│                  
└────────────┬───────────┘                  
             │                              
             └┐                             
              │                             
┌─────────────┴─────────────┐               
│now much longer than medium│               
└─────────────┬─────────────┘               
              │                             
              └───────┐                     
                      │                     
┌─────────────────────┴────────────────────┐
│now much longer than medium plus some more│
└─────────────────────┬────────────────────┘
                      │                     
      ┌───────────────┘                     
      │                                     
┌─────┴─────┐                               
│short again│                               
└───────────┘                               "
`;

exports[`Render Tests > BoxDiagram: Render[vertical] > single 1`] = `
"┌──────┐
│single│
└──────┘"
`;

exports[`Render Tests > offset > 6 boxes > endsStyle: bidirectional 1`] = `
"┌──────────┐   ┌──────┐   ┌─┐   ┌──────────────────┐   ┌──────────┐   ┌──────────────────────────────────────────────────────────────┐
│Javascript│   │C++   │ ┌>│C│<┐ │Data Structure    │   │Typescript│ ┌>│==============================================================│
│Perl      │<┐ │Java  │ │ └─┘ │ │and               │ ┌>│CSS       │<┘ └──────────────────────────────────────────────────────────────┘
└──────────┘ └>│Python│<┘     └>│Algorithm Analysis│<┘ │HTML      │                                                                   
               │Rust  │         │in C              │   └──────────┘                                                                   
               │Ruby  │         └──────────────────┘                                                                                  
               └──────┘                                                                                                               "
`;

exports[`Render Tests > offset > 6 boxes > endsStyle: bidirectional 2`] = `
"┌──────────┐                                                    
│Javascript│                                                    
│Perl      │                                                    
└──────────┘                                                    
      ^                                                         
    ┌─┘                                                         
    v                                                           
┌──────┐                                                        
│C++   │                                                        
│Java  │                                                        
│Python│                                                        
│Rust  │                                                        
│Ruby  │                                                        
└──────┘                                                        
    ^                                                           
 ┌──┘                                                           
 v                                                              
┌─┐                                                             
│C│                                                             
└─┘                                                             
 ^                                                              
 └────────┐                                                     
          v                                                     
┌──────────────────┐                                            
│Data Structure    │                                            
│and               │                                            
│Algorithm Analysis│                                            
│in C              │                                            
└──────────────────┘                                            
          ^                                                     
      ┌───┘                                                     
      v                                                         
┌──────────┐                                                    
│Typescript│                                                    
│CSS       │                                                    
│HTML      │                                                    
└──────────┘                                                    
      ^                                                         
      └─────────────────────────┐                               
                                v                               
┌──────────────────────────────────────────────────────────────┐
│==============================================================│
└──────────────────────────────────────────────────────────────┘"
`;

exports[`Render Tests > offset > 6 boxes > endsStyle: directed 1`] = `
"┌──────────┐   ┌──────┐   ┌─┐   ┌──────────────────┐   ┌──────────┐   ┌──────────────────────────────────────────────────────────────┐
│Javascript│   │C++   │ ┌>│C├─┐ │Data Structure    │   │Typescript│ ┌>│==============================================================│
│Perl      ├─┐ │Java  │ │ └─┘ │ │and               │ ┌>│CSS       ├─┘ └──────────────────────────────────────────────────────────────┘
└──────────┘ └>│Python├─┘     └>│Algorithm Analysis├─┘ │HTML      │                                                                   
               │Rust  │         │in C              │   └──────────┘                                                                   
               │Ruby  │         └──────────────────┘                                                                                  
               └──────┘                                                                                                               "
`;

exports[`Render Tests > offset > 6 boxes > endsStyle: directed 2`] = `
"┌──────────┐                                                    
│Javascript│                                                    
│Perl      │                                                    
└─────┬────┘                                                    
      │                                                         
    ┌─┘                                                         
    v                                                           
┌──────┐                                                        
│C++   │                                                        
│Java  │                                                        
│Python│                                                        
│Rust  │                                                        
│Ruby  │                                                        
└───┬──┘                                                        
    │                                                           
 ┌──┘                                                           
 v                                                              
┌─┐                                                             
│C│                                                             
└┬┘                                                             
 │                                                              
 └────────┐                                                     
          v                                                     
┌──────────────────┐                                            
│Data Structure    │                                            
│and               │                                            
│Algorithm Analysis│                                            
│in C              │                                            
└─────────┬────────┘                                            
          │                                                     
      ┌───┘                                                     
      v                                                         
┌──────────┐                                                    
│Typescript│                                                    
│CSS       │                                                    
│HTML      │                                                    
└─────┬────┘                                                    
      │                                                         
      └─────────────────────────┐                               
                                v                               
┌──────────────────────────────────────────────────────────────┐
│==============================================================│
└──────────────────────────────────────────────────────────────┘"
`;

exports[`Render Tests > offset > 6 boxes > endsStyle: none 1`] = `
"┌──────────┐   ┌──────┐   ┌─┐   ┌──────────────────┐   ┌──────────┐   ┌──────────────────────────────────────────────────────────────┐
│Javascript│   │C++   │ ┌─┤C├─┐ │Data Structure    │   │Typescript│ ┌─┤==============================================================│
│Perl      ├─┐ │Java  │ │ └─┘ │ │and               │ ┌─┤CSS       ├─┘ └──────────────────────────────────────────────────────────────┘
└──────────┘ └─┤Python├─┘     └─┤Algorithm Analysis├─┘ │HTML      │                                                                   
               │Rust  │         │in C              │   └──────────┘                                                                   
               │Ruby  │         └──────────────────┘                                                                                  
               └──────┘                                                                                                               "
`;

exports[`Render Tests > offset > 6 boxes > endsStyle: none 2`] = `
"┌──────────┐                                                    
│Javascript│                                                    
│Perl      │                                                    
└─────┬────┘                                                    
      │                                                         
    ┌─┘                                                         
    │                                                           
┌───┴──┐                                                        
│C++   │                                                        
│Java  │                                                        
│Python│                                                        
│Rust  │                                                        
│Ruby  │                                                        
└───┬──┘                                                        
    │                                                           
 ┌──┘                                                           
 │                                                              
┌┴┐                                                             
│C│                                                             
└┬┘                                                             
 │                                                              
 └────────┐                                                     
          │                                                     
┌─────────┴────────┐                                            
│Data Structure    │                                            
│and               │                                            
│Algorithm Analysis│                                            
│in C              │                                            
└─────────┬────────┘                                            
          │                                                     
      ┌───┘                                                     
      │                                                         
┌─────┴────┐                                                    
│Typescript│                                                    
│CSS       │                                                    
│HTML      │                                                    
└─────┬────┘                                                    
      │                                                         
      └─────────────────────────┐                               
                                │                               
┌───────────────────────────────┴──────────────────────────────┐
│==============================================================│
└──────────────────────────────────────────────────────────────┘"
`;

exports[`Render Tests > offset > 6 boxes > spacing 1 1`] = `
"┌──────────┐ ┌──────┐ ┌─┐ ┌──────────────────┐ ┌──────────┐ ┌──────────────────────────────────────────────────────────────┐
│Javascript│ │C++   │┌┤C├┐│Data Structure    │ │Typescript│┌┤==============================================================│
│Perl      ├┐│Java  ││└─┘││and               │┌┤CSS       ├┘└──────────────────────────────────────────────────────────────┘
└──────────┘└┤Python├┘   └┤Algorithm Analysis├┘│HTML      │                                                                 
             │Rust  │     │in C              │ └──────────┘                                                                 
             │Ruby  │     └──────────────────┘                                                                              
             └──────┘                                                                                                       "
`;

exports[`Render Tests > offset > 6 boxes > spacing 1 2`] = `
"┌──────────┐                                                    
│Javascript│                                                    
│Perl      │                                                    
└─────┬────┘                                                    
    ┌─┘                                                         
┌───┴──┐                                                        
│C++   │                                                        
│Java  │                                                        
│Python│                                                        
│Rust  │                                                        
│Ruby  │                                                        
└───┬──┘                                                        
 ┌──┘                                                           
┌┴┐                                                             
│C│                                                             
└┬┘                                                             
 └────────┐                                                     
┌─────────┴────────┐                                            
│Data Structure    │                                            
│and               │                                            
│Algorithm Analysis│                                            
│in C              │                                            
└─────────┬────────┘                                            
      ┌───┘                                                     
┌─────┴────┐                                                    
│Typescript│                                                    
│CSS       │                                                    
│HTML      │                                                    
└─────┬────┘                                                    
      └─────────────────────────┐                               
┌───────────────────────────────┴──────────────────────────────┐
│==============================================================│
└──────────────────────────────────────────────────────────────┘"
`;

exports[`Render Tests > offset > 6 boxes > spacing 2 1`] = `
"┌──────────┐  ┌──────┐  ┌─┐  ┌──────────────────┐  ┌──────────┐  ┌──────────────────────────────────────────────────────────────┐
│Javascript│  │C++   │ ┌┤C├─┐│Data Structure    │  │Typescript│ ┌┤==============================================================│
│Perl      ├─┐│Java  │ │└─┘ ││and               │ ┌┤CSS       ├─┘└──────────────────────────────────────────────────────────────┘
└──────────┘ └┤Python├─┘    └┤Algorithm Analysis├─┘│HTML      │                                                                  
              │Rust  │       │in C              │  └──────────┘                                                                  
              │Ruby  │       └──────────────────┘                                                                                
              └──────┘                                                                                                           "
`;

exports[`Render Tests > offset > 6 boxes > spacing 2 2`] = `
"┌──────────┐                                                    
│Javascript│                                                    
│Perl      │                                                    
└─────┬────┘                                                    
      │                                                         
    ┌─┘                                                         
┌───┴──┐                                                        
│C++   │                                                        
│Java  │                                                        
│Python│                                                        
│Rust  │                                                        
│Ruby  │                                                        
└───┬──┘                                                        
    │                                                           
 ┌──┘                                                           
┌┴┐                                                             
│C│                                                             
└┬┘                                                             
 │                                                              
 └────────┐                                                     
┌─────────┴────────┐                                            
│Data Structure    │                                            
│and               │                                            
│Algorithm Analysis│                                            
│in C              │                                            
└─────────┬────────┘                                            
          │                                                     
      ┌───┘                                                     
┌─────┴────┐                                                    
│Typescript│                                                    
│CSS       │                                                    
│HTML      │                                                    
└─────┬────┘                                                    
      │                                                         
      └─────────────────────────┐                               
┌───────────────────────────────┴──────────────────────────────┐
│==============================================================│
└──────────────────────────────────────────────────────────────┘"
`;

exports[`Render Tests > offset > 6 boxes > spacing 3 1`] = `
"┌──────────┐   ┌──────┐   ┌─┐   ┌──────────────────┐   ┌──────────┐   ┌──────────────────────────────────────────────────────────────┐
│Javascript│   │C++   │ ┌─┤C├─┐ │Data Structure    │   │Typescript│ ┌─┤==============================================================│
│Perl      ├─┐ │Java  │ │ └─┘ │ │and               │ ┌─┤CSS       ├─┘ └──────────────────────────────────────────────────────────────┘
└──────────┘ └─┤Python├─┘     └─┤Algorithm Analysis├─┘ │HTML      │                                                                   
               │Rust  │         │in C              │   └──────────┘                                                                   
               │Ruby  │         └──────────────────┘                                                                                  
               └──────┘                                                                                                               "
`;

exports[`Render Tests > offset > 6 boxes > spacing 3 2`] = `
"┌──────────┐                                                    
│Javascript│                                                    
│Perl      │                                                    
└─────┬────┘                                                    
      │                                                         
    ┌─┘                                                         
    │                                                           
┌───┴──┐                                                        
│C++   │                                                        
│Java  │                                                        
│Python│                                                        
│Rust  │                                                        
│Ruby  │                                                        
└───┬──┘                                                        
    │                                                           
 ┌──┘                                                           
 │                                                              
┌┴┐                                                             
│C│                                                             
└┬┘                                                             
 │                                                              
 └────────┐                                                     
          │                                                     
┌─────────┴────────┐                                            
│Data Structure    │                                            
│and               │                                            
│Algorithm Analysis│                                            
│in C              │                                            
└─────────┬────────┘                                            
          │                                                     
      ┌───┘                                                     
      │                                                         
┌─────┴────┐                                                    
│Typescript│                                                    
│CSS       │                                                    
│HTML      │                                                    
└─────┬────┘                                                    
      │                                                         
      └─────────────────────────┐                               
                                │                               
┌───────────────────────────────┴──────────────────────────────┐
│==============================================================│
└──────────────────────────────────────────────────────────────┘"
`;

exports[`Render Tests > offset > 6 boxes > spacing 5 1`] = `
"┌──────────┐     ┌──────┐     ┌─┐     ┌──────────────────┐     ┌──────────┐     ┌──────────────────────────────────────────────────────────────┐
│Javascript│     │C++   │  ┌──┤C├──┐  │Data Structure    │     │Typescript│  ┌──┤==============================================================│
│Perl      ├──┐  │Java  │  │  └─┘  │  │and               │  ┌──┤CSS       ├──┘  └──────────────────────────────────────────────────────────────┘
└──────────┘  └──┤Python├──┘       └──┤Algorithm Analysis├──┘  │HTML      │                                                                     
                 │Rust  │             │in C              │     └──────────┘                                                                     
                 │Ruby  │             └──────────────────┘                                                                                      
                 └──────┘                                                                                                                       "
`;

exports[`Render Tests > offset > 6 boxes > spacing 5 2`] = `
"┌──────────┐                                                    
│Javascript│                                                    
│Perl      │                                                    
└─────┬────┘                                                    
      │                                                         
      │                                                         
    ┌─┘                                                         
    │                                                           
    │                                                           
┌───┴──┐                                                        
│C++   │                                                        
│Java  │                                                        
│Python│                                                        
│Rust  │                                                        
│Ruby  │                                                        
└───┬──┘                                                        
    │                                                           
    │                                                           
 ┌──┘                                                           
 │                                                              
 │                                                              
┌┴┐                                                             
│C│                                                             
└┬┘                                                             
 │                                                              
 │                                                              
 └────────┐                                                     
          │                                                     
          │                                                     
┌─────────┴────────┐                                            
│Data Structure    │                                            
│and               │                                            
│Algorithm Analysis│                                            
│in C              │                                            
└─────────┬────────┘                                            
          │                                                     
          │                                                     
      ┌───┘                                                     
      │                                                         
      │                                                         
┌─────┴────┐                                                    
│Typescript│                                                    
│CSS       │                                                    
│HTML      │                                                    
└─────┬────┘                                                    
      │                                                         
      │                                                         
      └─────────────────────────┐                               
                                │                               
                                │                               
┌───────────────────────────────┴──────────────────────────────┐
│==============================================================│
└──────────────────────────────────────────────────────────────┘"
`;

exports[`Render Tests > offset > 11 boxes > spacing 1 1`] = `
"┌──────────┐ ┌──────┐ ┌─┐ ┌──────────────────┐ ┌──────────┐ ┌──────────────────────────────────────────────────────────────┐ ┌─────┐ ┌─────────────────┐ ┌────┐ ┌────────────┐ ┌──────────┐
│Javascript│ │C++   │┌┤C├┐│Data Structure    │ │Typescript│┌┤==============================================================├─┤lorem├┐│words words words│ │test│ │a sentence  │ │()        │
│Perl      ├┐│Java  ││└─┘││and               │┌┤CSS       ├┘└──────────────────────────────────────────────────────────────┘ └─────┘││12               │┌┤test├─┤()=>function├┐│=>        │
└──────────┘└┤Python├┘   └┤Algorithm Analysis├┘│HTML      │                                                                         └┤r                ├┘│test│ └────────────┘└┤()        │
             │Rust  │     │in C              │ └──────────┘                                                                          │AAAAAAAAAA       │ └────┘                │=>        │
             │Ruby  │     └──────────────────┘                                                                                       └─────────────────┘                       │()=>string│
             └──────┘                                                                                                                                                          └──────────┘"
`;

exports[`Render Tests > offset > 11 boxes > spacing 1 2`] = `
"┌──────────┐                                                    
│Javascript│                                                    
│Perl      │                                                    
└─────┬────┘                                                    
    ┌─┘                                                         
┌───┴──┐                                                        
│C++   │                                                        
│Java  │                                                        
│Python│                                                        
│Rust  │                                                        
│Ruby  │                                                        
└───┬──┘                                                        
 ┌──┘                                                           
┌┴┐                                                             
│C│                                                             
└┬┘                                                             
 └────────┐                                                     
┌─────────┴────────┐                                            
│Data Structure    │                                            
│and               │                                            
│Algorithm Analysis│                                            
│in C              │                                            
└─────────┬────────┘                                            
      ┌───┘                                                     
┌─────┴────┐                                                    
│Typescript│                                                    
│CSS       │                                                    
│HTML      │                                                    
└─────┬────┘                                                    
      └─────────────────────────┐                               
┌───────────────────────────────┴──────────────────────────────┐
│==============================================================│
└───────────────────────────────┬──────────────────────────────┘
   ┌────────────────────────────┘                               
┌──┴──┐                                                         
│lorem│                                                         
└──┬──┘                                                         
   └─────┐                                                      
┌────────┴────────┐                                             
│words words words│                                             
│12               │                                             
│r                │                                             
│AAAAAAAAAA       │                                             
└────────┬────────┘                                             
   ┌─────┘                                                      
┌──┴─┐                                                          
│test│                                                          
│test│                                                          
│test│                                                          
└──┬─┘                                                          
   └───┐                                                        
┌──────┴─────┐                                                  
│a sentence  │                                                  
│()=>function│                                                  
└──────┬─────┘                                                  
      ┌┘                                                        
┌─────┴────┐                                                    
│()        │                                                    
│=>        │                                                    
│()        │                                                    
│=>        │                                                    
│()=>string│                                                    
└──────────┘                                                    "
`;

exports[`Render Tests > offset > 11 boxes > spacing 2 1`] = `
"┌──────────┐  ┌──────┐  ┌─┐  ┌──────────────────┐  ┌──────────┐  ┌──────────────────────────────────────────────────────────────┐  ┌─────┐  ┌─────────────────┐  ┌────┐  ┌────────────┐  ┌──────────┐
│Javascript│  │C++   │ ┌┤C├─┐│Data Structure    │  │Typescript│ ┌┤==============================================================├──┤lorem├─┐│words words words│  │test│  │a sentence  │  │()        │
│Perl      ├─┐│Java  │ │└─┘ ││and               │ ┌┤CSS       ├─┘└──────────────────────────────────────────────────────────────┘  └─────┘ ││12               │ ┌┤test├──┤()=>function├─┐│=>        │
└──────────┘ └┤Python├─┘    └┤Algorithm Analysis├─┘│HTML      │                                                                            └┤r                ├─┘│test│  └────────────┘ └┤()        │
              │Rust  │       │in C              │  └──────────┘                                                                             │AAAAAAAAAA       │  └────┘                  │=>        │
              │Ruby  │       └──────────────────┘                                                                                           └─────────────────┘                          │()=>string│
              └──────┘                                                                                                                                                                   └──────────┘"
`;

exports[`Render Tests > offset > 11 boxes > spacing 2 2`] = `
"┌──────────┐                                                    
│Javascript│                                                    
│Perl      │                                                    
└─────┬────┘                                                    
      │                                                         
    ┌─┘                                                         
┌───┴──┐                                                        
│C++   │                                                        
│Java  │                                                        
│Python│                                                        
│Rust  │                                                        
│Ruby  │                                                        
└───┬──┘                                                        
    │                                                           
 ┌──┘                                                           
┌┴┐                                                             
│C│                                                             
└┬┘                                                             
 │                                                              
 └────────┐                                                     
┌─────────┴────────┐                                            
│Data Structure    │                                            
│and               │                                            
│Algorithm Analysis│                                            
│in C              │                                            
└─────────┬────────┘                                            
          │                                                     
      ┌───┘                                                     
┌─────┴────┐                                                    
│Typescript│                                                    
│CSS       │                                                    
│HTML      │                                                    
└─────┬────┘                                                    
      │                                                         
      └─────────────────────────┐                               
┌───────────────────────────────┴──────────────────────────────┐
│==============================================================│
└───────────────────────────────┬──────────────────────────────┘
                                │                               
   ┌────────────────────────────┘                               
┌──┴──┐                                                         
│lorem│                                                         
└──┬──┘                                                         
   │                                                            
   └─────┐                                                      
┌────────┴────────┐                                             
│words words words│                                             
│12               │                                             
│r                │                                             
│AAAAAAAAAA       │                                             
└────────┬────────┘                                             
         │                                                      
   ┌─────┘                                                      
┌──┴─┐                                                          
│test│                                                          
│test│                                                          
│test│                                                          
└──┬─┘                                                          
   │                                                            
   └───┐                                                        
┌──────┴─────┐                                                  
│a sentence  │                                                  
│()=>function│                                                  
└──────┬─────┘                                                  
       │                                                        
      ┌┘                                                        
┌─────┴────┐                                                    
│()        │                                                    
│=>        │                                                    
│()        │                                                    
│=>        │                                                    
│()=>string│                                                    
└──────────┘                                                    "
`;

exports[`Render Tests > offset > 11 boxes > spacing 3 1`] = `
"┌──────────┐   ┌──────┐   ┌─┐   ┌──────────────────┐   ┌──────────┐   ┌──────────────────────────────────────────────────────────────┐   ┌─────┐   ┌─────────────────┐   ┌────┐   ┌────────────┐   ┌──────────┐
│Javascript│   │C++   │ ┌─┤C├─┐ │Data Structure    │   │Typescript│ ┌─┤==============================================================├───┤lorem├─┐ │words words words│   │test│   │a sentence  │   │()        │
│Perl      ├─┐ │Java  │ │ └─┘ │ │and               │ ┌─┤CSS       ├─┘ └──────────────────────────────────────────────────────────────┘   └─────┘ │ │12               │ ┌─┤test├───┤()=>function├─┐ │=>        │
└──────────┘ └─┤Python├─┘     └─┤Algorithm Analysis├─┘ │HTML      │                                                                              └─┤r                ├─┘ │test│   └────────────┘ └─┤()        │
               │Rust  │         │in C              │   └──────────┘                                                                                │AAAAAAAAAA       │   └────┘                    │=>        │
               │Ruby  │         └──────────────────┘                                                                                               └─────────────────┘                             │()=>string│
               └──────┘                                                                                                                                                                            └──────────┘"
`;

exports[`Render Tests > offset > 11 boxes > spacing 3 2`] = `
"┌──────────┐                                                    
│Javascript│                                                    
│Perl      │                                                    
└─────┬────┘                                                    
      │                                                         
    ┌─┘                                                         
    │                                                           
┌───┴──┐                                                        
│C++   │                                                        
│Java  │                                                        
│Python│                                                        
│Rust  │                                                        
│Ruby  │                                                        
└───┬──┘                                                        
    │                                                           
 ┌──┘                                                           
 │                                                              
┌┴┐                                                             
│C│                                                             
└┬┘                                                             
 │                                                              
 └────────┐                                                     
          │                                                     
┌─────────┴────────┐                                            
│Data Structure    │                                            
│and               │                                            
│Algorithm Analysis│                                            
│in C              │                                            
└─────────┬────────┘                                            
          │                                                     
      ┌───┘                                                     
      │                                                         
┌─────┴────┐                                                    
│Typescript│                                                    
│CSS       │                                                    
│HTML      │                                                    
└─────┬────┘                                                    
      │                                                         
      └─────────────────────────┐                               
                                │                               
┌───────────────────────────────┴──────────────────────────────┐
│==============================================================│
└───────────────────────────────┬──────────────────────────────┘
                                │                               
   ┌────────────────────────────┘                               
   │                                                            
┌──┴──┐                                                         
│lorem│                                                         
└──┬──┘                                                         
   │                                                            
   └─────┐                                                      
         │                                                      
┌────────┴────────┐                                             
│words words words│                                             
│12               │                                             
│r                │                                             
│AAAAAAAAAA       │                                             
└────────┬────────┘                                             
         │                                                      
   ┌─────┘                                                      
   │                                                            
┌──┴─┐                                                          
│test│                                                          
│test│                                                          
│test│                                                          
└──┬─┘                                                          
   │                                                            
   └───┐                                                        
       │                                                        
┌──────┴─────┐                                                  
│a sentence  │                                                  
│()=>function│                                                  
└──────┬─────┘                                                  
       │                                                        
      ┌┘                                                        
      │                                                         
┌─────┴────┐                                                    
│()        │                                                    
│=>        │                                                    
│()        │                                                    
│=>        │                                                    
│()=>string│                                                    
└──────────┘                                                    "
`;

exports[`Render Tests > offset > 11 boxes > spacing 5 1`] = `
"┌──────────┐     ┌──────┐     ┌─┐     ┌──────────────────┐     ┌──────────┐     ┌──────────────────────────────────────────────────────────────┐     ┌─────┐     ┌─────────────────┐     ┌────┐     ┌────────────┐     ┌──────────┐
│Javascript│     │C++   │  ┌──┤C├──┐  │Data Structure    │     │Typescript│  ┌──┤==============================================================├─────┤lorem├──┐  │words words words│     │test│     │a sentence  │     │()        │
│Perl      ├──┐  │Java  │  │  └─┘  │  │and               │  ┌──┤CSS       ├──┘  └──────────────────────────────────────────────────────────────┘     └─────┘  │  │12               │  ┌──┤test├─────┤()=>function├──┐  │=>        │
└──────────┘  └──┤Python├──┘       └──┤Algorithm Analysis├──┘  │HTML      │                                                                                   └──┤r                ├──┘  │test│     └────────────┘  └──┤()        │
                 │Rust  │             │in C              │     └──────────┘                                                                                      │AAAAAAAAAA       │     └────┘                        │=>        │
                 │Ruby  │             └──────────────────┘                                                                                                       └─────────────────┘                                   │()=>string│
                 └──────┘                                                                                                                                                                                              └──────────┘"
`;

exports[`Render Tests > offset > 11 boxes > spacing 5 2`] = `
"┌──────────┐                                                    
│Javascript│                                                    
│Perl      │                                                    
└─────┬────┘                                                    
      │                                                         
      │                                                         
    ┌─┘                                                         
    │                                                           
    │                                                           
┌───┴──┐                                                        
│C++   │                                                        
│Java  │                                                        
│Python│                                                        
│Rust  │                                                        
│Ruby  │                                                        
└───┬──┘                                                        
    │                                                           
    │                                                           
 ┌──┘                                                           
 │                                                              
 │                                                              
┌┴┐                                                             
│C│                                                             
└┬┘                                                             
 │                                                              
 │                                                              
 └────────┐                                                     
          │                                                     
          │                                                     
┌─────────┴────────┐                                            
│Data Structure    │                                            
│and               │                                            
│Algorithm Analysis│                                            
│in C              │                                            
└─────────┬────────┘                                            
          │                                                     
          │                                                     
      ┌───┘                                                     
      │                                                         
      │                                                         
┌─────┴────┐                                                    
│Typescript│                                                    
│CSS       │                                                    
│HTML      │                                                    
└─────┬────┘                                                    
      │                                                         
      │                                                         
      └─────────────────────────┐                               
                                │                               
                                │                               
┌───────────────────────────────┴──────────────────────────────┐
│==============================================================│
└───────────────────────────────┬──────────────────────────────┘
                                │                               
                                │                               
   ┌────────────────────────────┘                               
   │                                                            
   │                                                            
┌──┴──┐                                                         
│lorem│                                                         
└──┬──┘                                                         
   │                                                            
   │                                                            
   └─────┐                                                      
         │                                                      
         │                                                      
┌────────┴────────┐                                             
│words words words│                                             
│12               │                                             
│r                │                                             
│AAAAAAAAAA       │                                             
└────────┬────────┘                                             
         │                                                      
         │                                                      
   ┌─────┘                                                      
   │                                                            
   │                                                            
┌──┴─┐                                                          
│test│                                                          
│test│                                                          
│test│                                                          
└──┬─┘                                                          
   │                                                            
   │                                                            
   └───┐                                                        
       │                                                        
       │                                                        
┌──────┴─────┐                                                  
│a sentence  │                                                  
│()=>function│                                                  
└──────┬─────┘                                                  
       │                                                        
       │                                                        
      ┌┘                                                        
      │                                                         
      │                                                         
┌─────┴────┐                                                    
│()        │                                                    
│=>        │                                                    
│()        │                                                    
│=>        │                                                    
│()=>string│                                                    
└──────────┘                                                    "
`;

exports[`Render Tests > offset > endsStyle: bidirectional 1`] = `
"┌──────────┐   ┌──────┐   ┌─┐   ┌──────────────────┐   ┌──────────┐   ┌──────────────────────────────────────────────────────────────┐   ┌─────┐   ┌─────────────────┐   ┌────┐   ┌────────────┐   ┌──────────┐
│Javascript│   │C++   │ ┌>│C│<┐ │Data Structure    │   │Typescript│ ┌>│==============================================================│<─>│lorem│<┐ │words words words│   │test│   │a sentence  │   │()        │
│Perl      │<┐ │Java  │ │ └─┘ │ │and               │ ┌>│CSS       │<┘ └──────────────────────────────────────────────────────────────┘   └─────┘ │ │12               │ ┌>│test│<─>│()=>function│<┐ │=>        │
└──────────┘ └>│Python│<┘     └>│Algorithm Analysis│<┘ │HTML      │                                                                              └>│r                │<┘ │test│   └────────────┘ └>│()        │
               │Rust  │         │in C              │   └──────────┘                                                                                │AAAAAAAAAA       │   └────┘                    │=>        │
               │Ruby  │         └──────────────────┘                                                                                               └─────────────────┘                             │()=>string│
               └──────┘                                                                                                                                                                            └──────────┘"
`;

exports[`Render Tests > offset > endsStyle: bidirectional 2`] = `
"┌──────────┐                                                    
│Javascript│                                                    
│Perl      │                                                    
└──────────┘                                                    
      ^                                                         
    ┌─┘                                                         
    v                                                           
┌──────┐                                                        
│C++   │                                                        
│Java  │                                                        
│Python│                                                        
│Rust  │                                                        
│Ruby  │                                                        
└──────┘                                                        
    ^                                                           
 ┌──┘                                                           
 v                                                              
┌─┐                                                             
│C│                                                             
└─┘                                                             
 ^                                                              
 └────────┐                                                     
          v                                                     
┌──────────────────┐                                            
│Data Structure    │                                            
│and               │                                            
│Algorithm Analysis│                                            
│in C              │                                            
└──────────────────┘                                            
          ^                                                     
      ┌───┘                                                     
      v                                                         
┌──────────┐                                                    
│Typescript│                                                    
│CSS       │                                                    
│HTML      │                                                    
└──────────┘                                                    
      ^                                                         
      └─────────────────────────┐                               
                                v                               
┌──────────────────────────────────────────────────────────────┐
│==============================================================│
└──────────────────────────────────────────────────────────────┘
                                ^                               
   ┌────────────────────────────┘                               
   v                                                            
┌─────┐                                                         
│lorem│                                                         
└─────┘                                                         
   ^                                                            
   └─────┐                                                      
         v                                                      
┌─────────────────┐                                             
│words words words│                                             
│12               │                                             
│r                │                                             
│AAAAAAAAAA       │                                             
└─────────────────┘                                             
         ^                                                      
   ┌─────┘                                                      
   v                                                            
┌────┐                                                          
│test│                                                          
│test│                                                          
│test│                                                          
└────┘                                                          
   ^                                                            
   └───┐                                                        
       v                                                        
┌────────────┐                                                  
│a sentence  │                                                  
│()=>function│                                                  
└────────────┘                                                  
       ^                                                        
      ┌┘                                                        
      v                                                         
┌──────────┐                                                    
│()        │                                                    
│=>        │                                                    
│()        │                                                    
│=>        │                                                    
│()=>string│                                                    
└──────────┘                                                    "
`;

exports[`Render Tests > offset > endsStyle: directed 1`] = `
"┌──────────┐   ┌──────┐   ┌─┐   ┌──────────────────┐   ┌──────────┐   ┌──────────────────────────────────────────────────────────────┐   ┌─────┐   ┌─────────────────┐   ┌────┐   ┌────────────┐   ┌──────────┐
│Javascript│   │C++   │ ┌>│C├─┐ │Data Structure    │   │Typescript│ ┌>│==============================================================├──>│lorem├─┐ │words words words│   │test│   │a sentence  │   │()        │
│Perl      ├─┐ │Java  │ │ └─┘ │ │and               │ ┌>│CSS       ├─┘ └──────────────────────────────────────────────────────────────┘   └─────┘ │ │12               │ ┌>│test├──>│()=>function├─┐ │=>        │
└──────────┘ └>│Python├─┘     └>│Algorithm Analysis├─┘ │HTML      │                                                                              └>│r                ├─┘ │test│   └────────────┘ └>│()        │
               │Rust  │         │in C              │   └──────────┘                                                                                │AAAAAAAAAA       │   └────┘                    │=>        │
               │Ruby  │         └──────────────────┘                                                                                               └─────────────────┘                             │()=>string│
               └──────┘                                                                                                                                                                            └──────────┘"
`;

exports[`Render Tests > offset > endsStyle: directed 2`] = `
"┌──────────┐                                                    
│Javascript│                                                    
│Perl      │                                                    
└─────┬────┘                                                    
      │                                                         
    ┌─┘                                                         
    v                                                           
┌──────┐                                                        
│C++   │                                                        
│Java  │                                                        
│Python│                                                        
│Rust  │                                                        
│Ruby  │                                                        
└───┬──┘                                                        
    │                                                           
 ┌──┘                                                           
 v                                                              
┌─┐                                                             
│C│                                                             
└┬┘                                                             
 │                                                              
 └────────┐                                                     
          v                                                     
┌──────────────────┐                                            
│Data Structure    │                                            
│and               │                                            
│Algorithm Analysis│                                            
│in C              │                                            
└─────────┬────────┘                                            
          │                                                     
      ┌───┘                                                     
      v                                                         
┌──────────┐                                                    
│Typescript│                                                    
│CSS       │                                                    
│HTML      │                                                    
└─────┬────┘                                                    
      │                                                         
      └─────────────────────────┐                               
                                v                               
┌──────────────────────────────────────────────────────────────┐
│==============================================================│
└───────────────────────────────┬──────────────────────────────┘
                                │                               
   ┌────────────────────────────┘                               
   v                                                            
┌─────┐                                                         
│lorem│                                                         
└──┬──┘                                                         
   │                                                            
   └─────┐                                                      
         v                                                      
┌─────────────────┐                                             
│words words words│                                             
│12               │                                             
│r                │                                             
│AAAAAAAAAA       │                                             
└────────┬────────┘                                             
         │                                                      
   ┌─────┘                                                      
   v                                                            
┌────┐                                                          
│test│                                                          
│test│                                                          
│test│                                                          
└──┬─┘                                                          
   │                                                            
   └───┐                                                        
       v                                                        
┌────────────┐                                                  
│a sentence  │                                                  
│()=>function│                                                  
└──────┬─────┘                                                  
       │                                                        
      ┌┘                                                        
      v                                                         
┌──────────┐                                                    
│()        │                                                    
│=>        │                                                    
│()        │                                                    
│=>        │                                                    
│()=>string│                                                    
└──────────┘                                                    "
`;

exports[`Render Tests > offset > endsStyle: none 1`] = `
"┌──────────┐   ┌──────┐   ┌─┐   ┌──────────────────┐   ┌──────────┐   ┌──────────────────────────────────────────────────────────────┐   ┌─────┐   ┌─────────────────┐   ┌────┐   ┌────────────┐   ┌──────────┐
│Javascript│   │C++   │ ┌─┤C├─┐ │Data Structure    │   │Typescript│ ┌─┤==============================================================├───┤lorem├─┐ │words words words│   │test│   │a sentence  │   │()        │
│Perl      ├─┐ │Java  │ │ └─┘ │ │and               │ ┌─┤CSS       ├─┘ └──────────────────────────────────────────────────────────────┘   └─────┘ │ │12               │ ┌─┤test├───┤()=>function├─┐ │=>        │
└──────────┘ └─┤Python├─┘     └─┤Algorithm Analysis├─┘ │HTML      │                                                                              └─┤r                ├─┘ │test│   └────────────┘ └─┤()        │
               │Rust  │         │in C              │   └──────────┘                                                                                │AAAAAAAAAA       │   └────┘                    │=>        │
               │Ruby  │         └──────────────────┘                                                                                               └─────────────────┘                             │()=>string│
               └──────┘                                                                                                                                                                            └──────────┘"
`;

exports[`Render Tests > offset > endsStyle: none 2`] = `
"┌──────────┐                                                    
│Javascript│                                                    
│Perl      │                                                    
└─────┬────┘                                                    
      │                                                         
    ┌─┘                                                         
    │                                                           
┌───┴──┐                                                        
│C++   │                                                        
│Java  │                                                        
│Python│                                                        
│Rust  │                                                        
│Ruby  │                                                        
└───┬──┘                                                        
    │                                                           
 ┌──┘                                                           
 │                                                              
┌┴┐                                                             
│C│                                                             
└┬┘                                                             
 │                                                              
 └────────┐                                                     
          │                                                     
┌─────────┴────────┐                                            
│Data Structure    │                                            
│and               │                                            
│Algorithm Analysis│                                            
│in C              │                                            
└─────────┬────────┘                                            
          │                                                     
      ┌───┘                                                     
      │                                                         
┌─────┴────┐                                                    
│Typescript│                                                    
│CSS       │                                                    
│HTML      │                                                    
└─────┬────┘                                                    
      │                                                         
      └─────────────────────────┐                               
                                │                               
┌───────────────────────────────┴──────────────────────────────┐
│==============================================================│
└───────────────────────────────┬──────────────────────────────┘
                                │                               
   ┌────────────────────────────┘                               
   │                                                            
┌──┴──┐                                                         
│lorem│                                                         
└──┬──┘                                                         
   │                                                            
   └─────┐                                                      
         │                                                      
┌────────┴────────┐                                             
│words words words│                                             
│12               │                                             
│r                │                                             
│AAAAAAAAAA       │                                             
└────────┬────────┘                                             
         │                                                      
   ┌─────┘                                                      
   │                                                            
┌──┴─┐                                                          
│test│                                                          
│test│                                                          
│test│                                                          
└──┬─┘                                                          
   │                                                            
   └───┐                                                        
       │                                                        
┌──────┴─────┐                                                  
│a sentence  │                                                  
│()=>function│                                                  
└──────┬─────┘                                                  
       │                                                        
      ┌┘                                                        
      │                                                         
┌─────┴────┐                                                    
│()        │                                                    
│=>        │                                                    
│()        │                                                    
│=>        │                                                    
│()=>string│                                                    
└──────────┘                                                    "
`;
